// Jest Snapshot v1, https://goo.gl/fbAQLP

exports[`Testing <GifGridItem /> Should show the component correctly 1`] = `
<div
  className="card animate__animated animate__fadeIn"
>
  <img
    alt="Demo title"
    src="https://bluecatencode.com"
  />
  <p>
    Demo title
  </p>
</div>
`;
